{
      switch(x+1) {
    case 1:
      print "hi"
      break
    case 2:
    default:
      typeof(x);
  }
}
~~~~~~~~~~~~~~~~~~~~~~~~~~~~~~~~~~~~~~~~~~~~~~~~~~~~~~~~~~~~~~~~~~~~~~~~~~~~~~~~
{
    switch (x + 1) {
        case 1:
            print "hi"
        case 2:
        default:
            typeof(x)
    }
}
