{
  getline
  getline     line
  getline<file
  getline line<file
  "cal"|getline   line
  "cal"|&getline line
}
~~~~~~~~~~~~~~~~~~~~~~~~~~~~~~~~~~~~~~~~~~~~~~~~~~~~~~~~~~~~~~~~~~~~~~~~~~~~~~~~
{
    getline
    getline line
    getline < file
    getline line < file
    "cal" | getline line
    "cal" |& getline line
}
