{
  fn()
  fn(1,2+3)
  fn( a,   c )
  @ fn()
  very_long_function_name(first_argument, second_argument, third_argument, and_so_on, and_so_on_and_so_on)
}
~~~~~~~~~~~~~~~~~~~~~~~~~~~~~~~~~~~~~~~~~~~~~~~~~~~~~~~~~~~~~~~~~~~~~~~~~~~~~~~~
{
    fn()
    fn(1, 2 + 3)
    fn(a, c)
    @fn()
    very_long_function_name(\
        first_argument,
        second_argument,
        third_argument,
        and_so_on,
        and_so_on_and_so_on\
    )
}
