@include "a"
@include "b"

function fn() {}
function fn2() {}
# comment
function fn2() {}
BEGIN{}
{}
END{}
~~~~~~~~~~~~~~~~~~~~~~~~~~~~~~~~~~~~~~~~~~~~~~~~~~~~~~~~~~~~~~~~~~~~~~~~~~~~~~~~
@include "a"
@include "b"

function fn() {}

function fn2() {}

# comment
function fn2() {}

BEGIN {}

{}

END {}
