{
  print(a)
  print(a,b)
  print
  print $1
  print "hi" "bye"
  print "a","b"
  print first_variable, second_variable, third_variable, fourth_variable, fifth_variable
}
~~~~~~~~~~~~~~~~~~~~~~~~~~~~~~~~~~~~~~~~~~~~~~~~~~~~~~~~~~~~~~~~~~~~~~~~~~~~~~~~
{
    print a
    print a, b
    print
    print $1
    print "hi" "bye"
    print "a", "b"
    print\
        first_variable,
        second_variable,
        third_variable,
        fourth_variable,
        fifth_variable
}
