{
  x = "a"  "b""c"

  long_variable_name = "first_long_string" "second_long_string" another_long_variable_name "and_another_string"
}
~~~~~~~~~~~~~~~~~~~~~~~~~~~~~~~~~~~~~~~~~~~~~~~~~~~~~~~~~~~~~~~~~~~~~~~~~~~~~~~~
{
    x = "a" "b" "c"

    long_variable_name = "first_long_string" "second_long_string"\
        another_long_variable_name\
        "and_another_string"
}
