// Jest Snapshot v1, https://goo.gl/fbAQLP

exports[`multiple_rules.awk 1`] = `
BEGIN {
    a = 1
}
{func()}
/abc/ {
}

END {
    b = 1; c = a + 2
}
~~~~~~~~~~~~~~~~~~~~~~~~~~~~~~~~~~~~~~~~~~~~~~~~~~~~~~~~~~~~~~~~~~~~~~~~~~~~~~~~
BEGIN { a = 1 }

{ func() }

/abc/ {}

END {
    b = 1
    c = a + 2
}
`;
