{
  printf("%s",line)
  printf("")
  printf "%s", i
  printf("%d %s %s %s\n", first_variable, second_variable, third_variable, fourth_variable)
}
~~~~~~~~~~~~~~~~~~~~~~~~~~~~~~~~~~~~~~~~~~~~~~~~~~~~~~~~~~~~~~~~~~~~~~~~~~~~~~~~
{
    printf("%s", line)
    printf("")
    printf("%s", i)
    printf(\
        "%d %s %s %s\n",
        first_variable,
        second_variable,
        third_variable,
        fourth_variable\
    )
}
