{
a = 1
}

{ for (i = 1; i <= 2; i++) {
}}

{if (1);
  else print "hi"
}

{
    # comment
    if (1) {}
    # comment
    # continued on newline
    for (1;1;1) {}
}
~~~~~~~~~~~~~~~~~~~~~~~~~~~~~~~~~~~~~~~~~~~~~~~~~~~~~~~~~~~~~~~~~~~~~~~~~~~~~~~~
{ a = 1 }

{
    for (i = 1; i <= 2; i++) {}
}

{
    if (1);
    else print "hi"
}

{
    # comment
    if (1) {}

    # comment
    # continued on newline
    for (1; 1; 1) {}
}
