{
  1==1?"true": 1 + 2
  first_variable && second_variable && third_variable ? consequence : alternative
}
~~~~~~~~~~~~~~~~~~~~~~~~~~~~~~~~~~~~~~~~~~~~~~~~~~~~~~~~~~~~~~~~~~~~~~~~~~~~~~~~
{
    1 == 1 ? "true" : 1 + 2
    first_variable && second_variable && third_variable\
        ? consequence\
        : alternative
}
